// Jest Snapshot v1, https://goo.gl/fbAQLP

exports[`renders Button 1`] = `
<button
  class="button primary-button"
  data-testid="test-button"
>
  Test Button
</button>
`;
