// Jest Snapshot v1, https://goo.gl/fbAQLP

exports[`renders caption 1`] = `
<div
  class="caption"
>
  Test caption
</div>
`;
