// Jest Snapshot v1, https://goo.gl/fbAQLP

exports[`renders Header 1`] = `
<header
  class="header"
  data-testid="test-header"
>
  <div
    class="title"
  >
    Test Header
  </div>
</header>
`;
