// Jest Snapshot v1, https://goo.gl/fbAQLP

exports[`renders ExchangePage 1`] = `
<div
  class="currency-exchange"
  data-testid="test-exchange-page"
>
  <div
    class="spinner-wrapper"
  >
    <div
      class="spinner"
    />
  </div>
</div>
`;
